// Jest Snapshot v1, https://goo.gl/fbAQLP

exports[`Component: App should match its empty index snapshot 1`] = `
<div
  className="search-bar"
>
  <input
    onChange={[Function]}
    value=""
  />
</div>
`;
